[keyword_metrics] 20/1588 words checked
[keyword_metrics] 40/1588 words checked
[keyword_metrics] 60/1588 words checked
[keyword_metrics] 80/1588 words checked
[keyword_metrics] 100/1588 words checked
[keyword_metrics] 120/1588 words checked
[keyword_metrics] 140/1588 words checked
[keyword_metrics] 160/1588 words checked
[keyword_metrics] 180/1588 words checked
[keyword_metrics] 200/1588 words checked
[keyword_metrics] 220/1588 words checked
[keyword_metrics] 240/1588 words checked
[keyword_metrics] 260/1588 words checked
[keyword_metrics] 280/1588 words checked
[keyword_metrics] 300/1588 words checked
[keyword_metrics] 320/1588 words checked
[keyword_metrics] 340/1588 words checked
[keyword_metrics] 360/1588 words checked
[keyword_metrics] 380/1588 words checked
[keyword_metrics] 400/1588 words checked
[keyword_metrics] 420/1588 words checked
[keyword_metrics] 440/1588 words checked
[keyword_metrics] 460/1588 words checked
[keyword_metrics] 480/1588 words checked
[keyword_metrics] 500/1588 words checked
[keyword_metrics] 520/1588 words checked
[keyword_metrics] 540/1588 words checked
[keyword_metrics] 560/1588 words checked
[keyword_metrics] 580/1588 words checked
[keyword_metrics] 600/1588 words checked
[keyword_metrics] 620/1588 words checked
[keyword_metrics] 640/1588 words checked
[keyword_metrics] 660/1588 words checked
[keyword_metrics] 680/1588 words checked
[keyword_metrics] 700/1588 words checked
[keyword_metrics] 720/1588 words checked
[keyword_metrics] 740/1588 words checked
[keyword_metrics] 760/1588 words checked
[keyword_metrics] 780/1588 words checked
[keyword_metrics] 800/1588 words checked
[keyword_metrics] 820/1588 words checked
[keyword_metrics] 840/1588 words checked
[keyword_metrics] 860/1588 words checked
[keyword_metrics] 880/1588 words checked
[keyword_metrics] 900/1588 words checked
[keyword_metrics] 920/1588 words checked
[keyword_metrics] 940/1588 words checked
[keyword_metrics] 960/1588 words checked
[keyword_metrics] 980/1588 words checked
[keyword_metrics] 1000/1588 words checked
[keyword_metrics] 1020/1588 words checked
[keyword_metrics] 1040/1588 words checked
[keyword_metrics] 1060/1588 words checked
[keyword_metrics] 1080/1588 words checked
[keyword_metrics] 1100/1588 words checked
[keyword_metrics] 1120/1588 words checked
[keyword_metrics] 1140/1588 words checked
[keyword_metrics] 1160/1588 words checked
[keyword_metrics] 1180/1588 words checked
[keyword_metrics] 1200/1588 words checked
[keyword_metrics] 1220/1588 words checked
[keyword_metrics] 1240/1588 words checked
[keyword_metrics] 1260/1588 words checked
[keyword_metrics] 1280/1588 words checked
[keyword_metrics] 1300/1588 words checked
[keyword_metrics] 1320/1588 words checked
[keyword_metrics] 1340/1588 words checked
[keyword_metrics] 1360/1588 words checked
[keyword_metrics] 1380/1588 words checked
[keyword_metrics] 1400/1588 words checked
[keyword_metrics] 1420/1588 words checked
[keyword_metrics] 1440/1588 words checked
[keyword_metrics] 1460/1588 words checked
[keyword_metrics] 1480/1588 words checked
[keyword_metrics] 1500/1588 words checked
[keyword_metrics] 1520/1588 words checked
[keyword_metrics] 1540/1588 words checked
[keyword_metrics] 1560/1588 words checked
[keyword_metrics] 1580/1588 words checked
[keyword_metrics] 1588/1588 words checked
[학습 정체 점검] 저하: 최근 1라운드(생성 10000개) 통과율 0.01% vs 이전 1라운드(생성 5108개) 0.16% (상대변화 -93.6%, 임계값 ±10%)
[골든셋 카나리아] 6/7 일치 (85.7%), 불일치 1건 -> 레드팀 재검증 트리거
[승인율 이상탐지] 정상: 이번 라운드 17.0% vs 기준선 평균 66.8%(표준편차 33.4, z=-1.49, 임계 ±3.0)
[원칙 재계산 권장] 누적 80라운드 도달 - memory/WORD_GENERATION_LEARNINGS.md의 '핵심 원칙'을 증분 수정 대신 지금까지 전체 실측 데이터로 처음부터 다시 도출하는 걸 고려하라(드리프트 방지).
